[cadeniuc.ru/jorel/particle.html]
[backblue.gif]
[fade.gif]
[index.html]
[cadeniuc.ru/jorel/img/favicon.ico]
[cadeniuc.ru/jorel/libs/bootstrap/css/bootstrap.min.css]
[cdnjs.cloudflare.com/ajax/libs/font-awesome/4.7.0/css/font-awesome.min.css]
[cadeniuc.ru/jorel/libs/owlcarousel/css/owl.carousel.css]
[cadeniuc.ru/jorel/libs/owlcarousel/css/owl.theme.css]
[cadeniuc.ru/jorel/libs/magnific/css/magnific-popup.css]
[cadeniuc.ru/jorel/libs/animate_css/css/animate.min.css]
[cadeniuc.ru/jorel/libs/animated-text/css/animated-text.css]
[cadeniuc.ru/jorel/css/style.css]
[cadeniuc.ru/jorel/css/media.css]
[cadeniuc.ru/jorel/img/me.jpg]
[cadeniuc.ru/jorel/img/portfolio/thumbs/image_1.jpg]
[cadeniuc.ru/jorel/img/portfolio/thumbs/image_2.jpg]
[cadeniuc.ru/jorel/img/portfolio/thumbs/image_3.jpg]
[cadeniuc.ru/jorel/img/portfolio/thumbs/image_4.jpg]
[cadeniuc.ru/jorel/img/portfolio/thumbs/image_5.jpg]
[cadeniuc.ru/jorel/img/portfolio/thumbs/image_6.jpg]
[cadeniuc.ru/jorel/img/slider_icon/avatar.jpg]
[cadeniuc.ru/jorel/libs/jquery/js/jquery.min.js]
[cadeniuc.ru/jorel/libs/bootstrap/js/bootstrap.min.js]
[cadeniuc.ru/jorel/libs/owlcarousel/js/owl.carousel.min.js]
[cadeniuc.ru/jorel/libs/mixtup/js/jquery.mixitup.min.js]
[cadeniuc.ru/jorel/libs/magnific/js/jquery.magnific-popup.min.js]
[cadeniuc.ru/jorel/libs/wow/js/wow.min.js]
[cadeniuc.ru/jorel/libs/animated-text/js/animated-text.js]
[cadeniuc.ru/jorel/libs/particles/js/particles.min.js]
[cadeniuc.ru/jorel/libs/particles/js/app.js]
[cadeniuc.ru/jorel/libs/counter/js/jquery.counterup.min.js]
[cadeniuc.ru/jorel/libs/counter/js/jquery.waypoints.min.js]
[cadeniuc.ru/jorel/particle.html]
[cadeniuc.ru/jorel/js/scripts.js]
[cadeniuc.ru/jorel/libs/bootstrap/fonts/glyphicons-halflings-regular.eot]
[cadeniuc.ru/jorel/libs/bootstrap/fonts/glyphicons-halflings-regulard41d.eot]
[cadeniuc.ru/jorel/libs/bootstrap/fonts/glyphicons-halflings-regular.woff2]
[cadeniuc.ru/jorel/libs/bootstrap/fonts/glyphicons-halflings-regular.woff]
[cadeniuc.ru/jorel/libs/bootstrap/fonts/glyphicons-halflings-regular.ttf]
[cadeniuc.ru/jorel/libs/bootstrap/fonts/glyphicons-halflings-regular.svg]
[cadeniuc.ru/jorel/libs/bootstrap/css/bootstrap.min.css]
[cdnjs.cloudflare.com/ajax/libs/font-awesome/4.7.0/css/font-awesome.min.css]
[cadeniuc.ru/jorel/libs/owlcarousel/css/grabbing.png]
[cadeniuc.ru/jorel/libs/owlcarousel/css/owl.carousel.css]
[cadeniuc.ru/jorel/libs/owlcarousel/css/AjaxLoader.gif]
[cadeniuc.ru/jorel/libs/owlcarousel/css/owl.theme.css]
[cadeniuc.ru/jorel/libs/magnific/css/magnific-popup.css]
[cadeniuc.ru/jorel/libs/animate_css/css/animate.min.css]
[cadeniuc.ru/jorel/libs/animated-text/css/animated-text.css]
[cadeniuc.ru/jorel/img/bg_header/bg.jpg]
[cadeniuc.ru/jorel/css/style.css]
[cadeniuc.ru/jorel/css/media.css]
[cadeniuc.ru/jorel/libs/jquery/js/jquery.min.js]
[cadeniuc.ru/jorel/Popover requires tooltip.28.delayed]
[cadeniuc.ru/jorel/libs/bootstrap/js/bootstrap.min.js]
[cadeniuc.ru/jorel/libs/owlcarousel/js/owl.carousel.min.js]
[cadeniuc.ru/jorel/libs/mixtup/js/jquery.mixitup.min.js]
[cadeniuc.ru/jorel/libs/magnific/js/jquery.magnific-popup.min.js]
[cadeniuc.ru/jorel/libs/wow/js/wow.min.js]
[cadeniuc.ru/jorel/libs/animated-text/js/animated-text.js]
[cadeniuc.ru/jorel/GET]
[cadeniuc.ru/jorel/Error pJS - No image.src]
[cadeniuc.ru/jorel/libs/particles/js/particles.min.js]
[cadeniuc.ru/jorel/libs/particles/js/app.js]
[cadeniuc.ru/jorel/libs/counter/js/jquery.counterup.min.js]
[cadeniuc.ru/jorel/libs/counter/js/jquery.waypoints.min.js]
[cadeniuc.ru/jorel/js/scripts.js]
[cadeniuc.ru/jorel/libs/bootstrap/fonts/glyphicons-halflings-regular.html]
[cadeniuc.ru/jorel/libs/bootstrap/fonts/glyphicons-halflings-regulard41d.html]
[cadeniuc.ru/jorel/libs/bootstrap/fonts/glyphicons-halflings-regular-2.html]
[cadeniuc.ru/jorel/libs/bootstrap/fonts/glyphicons-halflings-regular-3.html]
[cadeniuc.ru/jorel/libs/bootstrap/fonts/glyphicons-halflings-regular-4.html]
[cadeniuc.ru/jorel/libs/bootstrap/fonts/glyphicons-halflings-regular-5.html]
[cadeniuc.ru/jorel/libs/owlcarousel/css/AjaxLoader.html]
[cadeniuc.ru/jorel/Popover requires tooltip.html]
[cadeniuc.ru/jorel/GET.html]
[cadeniuc.ru/jorel/Error pJS - No image.html]
